// Jest Snapshot v1, https://goo.gl/fbAQLP

exports[`ProjectBoard component snapshot should match 1`] = `
<h3>
  Sample for the project board
</h3>
`;
